../Core/Src/main.c:73:6:HAL_TIM_PeriodElapsedCallback	16	static
../Core/Src/main.c:91:6:HAL_FDCAN_RxFifo1Callback	16	static
../Core/Src/main.c:104:5:main	8	static
../Core/Src/main.c:170:6:SystemClock_Config	64	static
../Core/Src/main.c:209:13:MX_ADC1_Init	24	static
../Core/Src/main.c:266:13:MX_FDCAN1_Init	8	static
../Core/Src/main.c:309:13:MX_TIM1_Init	40	static
../Core/Src/main.c:356:13:MX_TIM2_Init	64	static
../Core/Src/main.c:415:13:MX_GPIO_Init	48	static
../Core/Src/main.c:468:6:Error_Handler	8	static,ignoring_inline_asm
